2026-10-03 19:19:17,251 INFO Korpus: 2721 Einheiten
2026-10-03 19:19:23,069 INFO HTTP Request: GET https://huggingface.co/api/models/BAAI/bge-m3 "HTTP/1.1 200 OK"
2026-10-03 19:19:23,141 INFO HTTP Request: GET https://huggingface.co/api/models/BAAI/bge-m3/tree/main/additional_chat_templates?recursive=false&expand=false "HTTP/1.1 404 Not Found"
2026-10-03 19:19:23,207 INFO HTTP Request: GET https://huggingface.co/api/models/BAAI/bge-m3/tree/main?recursive=true&expand=false "HTTP/1.1 200 OK"
2026-10-03 19:19:25,545 INFO HTTP Request: GET https://huggingface.co/api/models/BAAI/bge-m3 "HTTP/1.1 200 OK"
2026-10-03 19:19:25,625 INFO HTTP Request: GET https://huggingface.co/api/models/BAAI/bge-m3/revision/main "HTTP/1.1 200 OK"
2026-10-03 19:19:27,054 INFO loading existing colbert_linear and sparse_linear---------
2026-10-03 19:19:27,057 INFO Modell: BAAI/bge-m3 mit 1024 Dimensionen
2026-10-03 19:19:27,063 INFO Bestand bauen: 2721 Einheiten mit BAAI/bge-m3
2026-10-03 20:52:24,805 INFO Korpus: 2721 Einheiten
2026-10-03 20:52:32,575 INFO HTTP Request: GET https://huggingface.co/api/models/BAAI/bge-m3 "HTTP/1.1 200 OK"
2026-10-03 20:52:32,644 INFO HTTP Request: GET https://huggingface.co/api/models/BAAI/bge-m3/tree/main/additional_chat_templates?recursive=false&expand=false "HTTP/1.1 404 Not Found"
2026-10-03 20:52:32,708 INFO HTTP Request: GET https://huggingface.co/api/models/BAAI/bge-m3/tree/main?recursive=true&expand=false "HTTP/1.1 200 OK"
2026-10-03 20:52:35,187 INFO HTTP Request: GET https://huggingface.co/api/models/BAAI/bge-m3 "HTTP/1.1 200 OK"
2026-10-03 20:52:35,262 INFO HTTP Request: GET https://huggingface.co/api/models/BAAI/bge-m3/revision/main "HTTP/1.1 200 OK"
2026-10-03 20:52:37,474 INFO loading existing colbert_linear and sparse_linear---------
2026-10-03 20:52:37,479 INFO Modell: BAAI/bge-m3 mit 1024 Dimensionen
2026-10-03 20:52:37,485 INFO Bestand bauen: 2721 Einheiten mit BAAI/bge-m3
2026-10-03 21:15:29,261 INFO Korpus: 2721 Einheiten
2026-10-03 21:15:36,749 INFO HTTP Request: GET https://huggingface.co/api/models/BAAI/bge-m3 "HTTP/1.1 200 OK"
2026-10-03 21:15:36,820 INFO HTTP Request: GET https://huggingface.co/api/models/BAAI/bge-m3/tree/main/additional_chat_templates?recursive=false&expand=false "HTTP/1.1 404 Not Found"
2026-10-03 21:15:36,890 INFO HTTP Request: GET https://huggingface.co/api/models/BAAI/bge-m3/tree/main?recursive=true&expand=false "HTTP/1.1 200 OK"
2026-10-03 21:15:39,223 INFO HTTP Request: GET https://huggingface.co/api/models/BAAI/bge-m3 "HTTP/1.1 200 OK"
2026-10-03 21:15:39,295 INFO HTTP Request: GET https://huggingface.co/api/models/BAAI/bge-m3/revision/main "HTTP/1.1 200 OK"
2026-10-03 21:15:40,648 INFO loading existing colbert_linear and sparse_linear---------
2026-10-03 21:15:40,653 INFO Modell: BAAI/bge-m3 mit 1024 Dimensionen
2026-10-03 21:15:40,659 INFO Bestand bauen: 2721 Einheiten mit BAAI/bge-m3
2026-10-03 21:21:34,408 INFO Korpus: 2721 Einheiten
2026-10-03 21:21:40,907 INFO HTTP Request: GET https://huggingface.co/api/models/BAAI/bge-m3 "HTTP/1.1 200 OK"
2026-10-03 21:21:40,981 INFO HTTP Request: GET https://huggingface.co/api/models/BAAI/bge-m3/tree/main/additional_chat_templates?recursive=false&expand=false "HTTP/1.1 404 Not Found"
2026-10-03 21:21:41,043 INFO HTTP Request: GET https://huggingface.co/api/models/BAAI/bge-m3/tree/main?recursive=true&expand=false "HTTP/1.1 200 OK"
2026-10-03 21:21:43,291 INFO HTTP Request: GET https://huggingface.co/api/models/BAAI/bge-m3 "HTTP/1.1 200 OK"
2026-10-03 21:21:43,363 INFO HTTP Request: GET https://huggingface.co/api/models/BAAI/bge-m3/revision/main "HTTP/1.1 200 OK"
2026-10-03 21:21:44,838 INFO loading existing colbert_linear and sparse_linear---------
2026-10-03 21:21:44,845 INFO Modell: BAAI/bge-m3 mit 1024 Dimensionen
2026-10-03 21:21:44,855 INFO Bestand bauen: 2721 Einheiten mit BAAI/bge-m3
2026-10-03 21:23:55,185 INFO   teil-000000.npz abgelegt — 64 von 2721 Einheiten fertig
2026-10-03 21:25:44,728 INFO   teil-000064.npz abgelegt — 128 von 2721 Einheiten fertig
2026-10-03 21:27:47,602 INFO   teil-000128.npz abgelegt — 192 von 2721 Einheiten fertig
2026-10-03 21:29:42,457 INFO   teil-000192.npz abgelegt — 256 von 2721 Einheiten fertig
2026-10-03 21:30:47,224 INFO   teil-000256.npz abgelegt — 320 von 2721 Einheiten fertig
2026-10-03 21:31:57,166 INFO   teil-000320.npz abgelegt — 384 von 2721 Einheiten fertig
2026-10-03 21:32:20,816 INFO   teil-000384.npz abgelegt — 448 von 2721 Einheiten fertig
2026-10-03 21:33:24,524 INFO   teil-000448.npz abgelegt — 512 von 2721 Einheiten fertig
2026-10-03 21:36:20,486 INFO Korpus: 2721 Einheiten
2026-10-03 21:36:27,793 INFO HTTP Request: GET https://huggingface.co/api/models/BAAI/bge-m3 "HTTP/1.1 200 OK"
2026-10-03 21:36:27,865 INFO HTTP Request: GET https://huggingface.co/api/models/BAAI/bge-m3/tree/main/additional_chat_templates?recursive=false&expand=false "HTTP/1.1 404 Not Found"
2026-10-03 21:36:27,942 INFO HTTP Request: GET https://huggingface.co/api/models/BAAI/bge-m3/tree/main?recursive=true&expand=false "HTTP/1.1 200 OK"
2026-10-03 21:36:30,244 INFO HTTP Request: GET https://huggingface.co/api/models/BAAI/bge-m3 "HTTP/1.1 200 OK"
2026-10-03 21:36:30,314 INFO HTTP Request: GET https://huggingface.co/api/models/BAAI/bge-m3/revision/main "HTTP/1.1 200 OK"
2026-10-03 21:36:31,552 INFO loading existing colbert_linear and sparse_linear---------
2026-10-03 21:36:31,556 INFO Modell: BAAI/bge-m3 mit 1024 Dimensionen
2026-10-03 21:36:31,562 INFO Bestand bauen: 2721 Einheiten mit BAAI/bge-m3
2026-10-03 21:38:30,210 INFO   teil-000000.vektoren.npy abgelegt — 64 von 2721 Einheiten fertig
2026-10-03 21:40:10,184 INFO   teil-000064.vektoren.npy abgelegt — 128 von 2721 Einheiten fertig
2026-10-03 21:41:56,363 INFO   teil-000128.vektoren.npy abgelegt — 192 von 2721 Einheiten fertig
